synamen@synamen:~/Documents/WorkSpace2/ReactNative Projects/TodoApp$ npx expo login
Log in to EAS with email or username (exit and run 'npx expo login --help' for other login options)
✔ Email or username … balavignarajan.p@synamen.com
✔ Password … Bala@2002
synamen@synamen:~/Documents/WorkSpace2/ReactNative Projects/TodoApp$ npx expo export --dev-client
unknown or unexpected option: --dev-client
synamen@synamen:~/Documents/WorkSpace2/ReactNative Projects/TodoApp$ npx expo export --dev-client
npx eas build -p android
unknown or unexpected option: --dev-client
npm error could not determine executable to run
npm error A complete log of this run can be found in: /home/synamen/.npm/_logs/2025-08-07T08_44_01_443Z-debug-0.log
synamen@synamen:~/Documents/WorkSpace2/ReactNative Projects/TodoApp$ npm install -g eas-cli
npm warn deprecated inflight@1.0.6: This module is not supported, and leaks memory. Do not use it. Check out lru-cache if you want a good and tested way to coalesce async requests by a key value, which is much more comprehensive and powerful.
npm warn deprecated rimraf@2.4.5: Rimraf versions prior to v4 are no longer supported
npm warn deprecated glob@6.0.4: Glob versions prior to v9 are no longer supported
npm warn deprecated sudo-prompt@9.1.1: Package no longer supported. Contact Support at https://www.npmjs.com/support for more info.
npm warn deprecated @oclif/screen@3.0.8: Package no longer supported. Contact Support at https://www.npmjs.com/support for more info.
npm warn deprecated lodash.get@4.4.2: This package is deprecated. Use the optional chaining (?.) operator instead.
npm warn deprecated @xmldom/xmldom@0.7.13: this version is no longer supported, please update to at least 0.8.*

added 458 packages in 26s

60 packages are looking for funding
  run `npm fund` for details
synamen@synamen:~/Documents/WorkSpace2/ReactNative Projects/TodoApp$ eas build:configure
(node:28883) [DEP0040] DeprecationWarning: The `punycode` module is deprecated. Please use a userland alternative instead.
(Use `node --trace-deprecation ...` to show where the warning was created)
EAS project not configured.
✔ Would you like to automatically create an EAS project for @balavignarajan/TodoApp? … yes
✔ Created @balavignarajan/TodoApp on EAS
✔ Linked local project to EAS project 67fa711c-ae0d-4985-a955-78c4e66250d4
💡 The following process will configure your iOS and/or Android project to be compatible with EAS Build. These changes only apply to your local project files and you can safely revert them at any time.

✔ Which platforms would you like to configure for EAS Build? › All

✔ Generated eas.json. Learn more

🎉 Your project is ready to build.

- Run eas build when you are ready to create your first build.
- Once the build is completed, run eas submit to upload the app to app stores.
- Learn more about other capabilities of EAS Build
synamen@synamen:~/Documents/WorkSpace2/ReactNative Projects/TodoApp$ eas build:configure
(node:29183) [DEP0040] DeprecationWarning: The `punycode` module is deprecated. Please use a userland alternative instead.
(Use `node --trace-deprecation ...` to show where the warning was created)
💡 The following process will configure your iOS and/or Android project to be compatible with EAS Build. These changes only apply to your local project files and you can safely revert them at any time.

✔ Which platforms would you like to configure for EAS Build? › All

🎉 Your project is ready to build.

- Run eas build when you are ready to create your first build.
- Once the build is completed, run eas submit to upload the app to app stores.
- Learn more about other capabilities of EAS Build
synamen@synamen:~/Documents/WorkSpace2/ReactNative Projects/TodoApp$ eas build -p android --profile preview
(node:29327) [DEP0040] DeprecationWarning: The `punycode` module is deprecated. Please use a userland alternative instead.
(Use `node --trace-deprecation ...` to show where the warning was created)
Resolved "preview" environment for the build. Learn more
No environment variables with visibility "Plain text" and "Sensitive" found for the "preview" environment on EAS.

📝  Android application id Learn more
✔ What would you like your Android application id to be? … com.balavignarajan.TodoApp
No remote versions are configured for this project, versionCode will be initialized based on the value from the local project.
✔ Initialized versionCode with 1.
✔ Using remote Android credentials (Expo server)
✔ Generate a new Android Keystore? … yes
✔ Created keystore

Compressing project files and uploading to EAS Build. Learn more
✔ Uploaded to EAS 1s
⌛️ Computing the project fingerprint is taking longer than expected...
⏩ To skip this step, set the environment variable: EAS_SKIP_AUTO_FINGERPRINT=1
✔ Computed project fingerprint

See logs: https://expo.dev/accounts/balavignarajan/projects/TodoApp/builds/03026d39-c29c-4732-bd95-a5a12ea5243a

Waiting for build to complete. You can press Ctrl+C to exit.
✔ Build finished

  ▄▄▄▄▄▄▄▄▄▄▄▄▄▄▄▄▄▄▄▄▄▄▄▄▄▄▄▄▄▄▄▄▄▄▄▄▄▄▄
  █ ▄▄▄▄▄ █▀ █▀▀▄▄▀█▀▀▄█  ██▀▀▀ █ ▄▄▄▄▄ █
  █ █   █ █▀ ▄ █▀▄ ▄▀ █▀▄▀ ▀▀ ▄██ █   █ █
  █ █▄▄▄█ █▀█ █▄█ ▀▄▀█▄▀█▀▄▄ ▀▀▄█ █▄▄▄█ █
  █▄▄▄▄▄▄▄█▄█▄█ █ █▄█ ▀▄▀ ▀ █▄█ █▄▄▄▄▄▄▄█
  █▄▄  ▄█▄▄  ▄█▄ █▄▀▄▀▀▄▀▄▀█▄▄▄ ▄█ █ ▀ ██
  █  ▀▄▀ ▄██▀▀ ▄█   █▀██ ▄█▄█▀ ▄▀▄▄█ ▄▀▄█
  █▄▄█▀▄█▄▄▀▀▄▄ ▄▄██▄▄▀▄█▄▀█▄ ▄▀▄▄▀▄▄ ▀▄█
  █  █▄ ▄▄▄█▄ █▀█▀▄█▄▄▀ ▀ ▀▀▄█ ▀▀▄  ▀▄▄ █
  █▀▄█▀▄▀▄▄█ █▀▄▄▀▄▄ ▄ █ ▄▀▄▄▄█▀▄▄█▄▄ ▀▄█
  ██▄█ █▄▄██▀▄▀▀█ ▄▄█▄▀▄ ▀███▀ ▄ █▀▄█▄▄ █
  █ ▀  ██▄█▄▀▀▀▀▄▄▄▄  ▀ ▀ ▀▄ ▄▄▀ ▄ ▄▄▄ ▄█
  ██▄ █▄█▄█ ▀▀█▄█▀▄ ███▀ █▀ ▄█▄█   ███▄ █
  █▀ ▄ ▀█▄▄▀▄ ▀▀▄▀▄▄▄▀▀▀▀  ▄▄▄▄▀▄▄▀▄▀  ▄█
  █ █▄▄▀▀▄█ █ ▀ █▀ ▀▄▄█▀ █▀██▀▄ ▄█▀█▄█▄ █
  █▄██▄▄█▄▄ █▀▀▀▄▀▄▄▄▄ ▀██ ▄ ▄▀ ▄▄▄ ▀▄███
  █ ▄▄▄▄▄ █▄ ███▄█  ▄ █▄▀ ▀ ▄▄▀ █▄█ ▄█  █
  █ █   █ █ ▄▄▀▀▄▄██ ▄ ▀▀▄▀█ █▄   ▄ ▄ ▄▄█
  █ █▄▄▄█ █ ███▀█ ▄▄█▄█ ▀██ ▄ ▄▀ ▀▄▀▀▄▄ █
  █▄▄▄▄▄▄▄█▄▄██▄▄▄▄█▄██▄█▄██▄▄███▄▄▄▄▄▄▄█


🤖 Open this link on your Android devices (or scan the QR code) to install the app:
https://expo.dev/accounts/balavignarajan/projects/TodoApp/builds/03026d39-c29c-4732-bd95-a5a12ea5243a