synamen@synamen:~/Documents/WorkSpace2/ReactNative Projects/TodoApp$ npx expo login
Log in to EAS with email or username (exit and run 'npx expo login --help' for other login options)
âœ” Email or username â€¦ balavignarajan.p@synamen.com
âœ” Password â€¦ Bala@2002
synamen@synamen:~/Documents/WorkSpace2/ReactNative Projects/TodoApp$ npx expo export --dev-client
unknown or unexpected option: --dev-client
synamen@synamen:~/Documents/WorkSpace2/ReactNative Projects/TodoApp$ npx expo export --dev-client
npx eas build -p android
unknown or unexpected option: --dev-client
npm error could not determine executable to run
npm error A complete log of this run can be found in: /home/synamen/.npm/_logs/2025-08-07T08_44_01_443Z-debug-0.log
synamen@synamen:~/Documents/WorkSpace2/ReactNative Projects/TodoApp$ npm install -g eas-cli
npm warn deprecated inflight@1.0.6: This module is not supported, and leaks memory. Do not use it. Check out lru-cache if you want a good and tested way to coalesce async requests by a key value, which is much more comprehensive and powerful.
npm warn deprecated rimraf@2.4.5: Rimraf versions prior to v4 are no longer supported
npm warn deprecated glob@6.0.4: Glob versions prior to v9 are no longer supported
npm warn deprecated sudo-prompt@9.1.1: Package no longer supported. Contact Support at https://www.npmjs.com/support for more info.
npm warn deprecated @oclif/screen@3.0.8: Package no longer supported. Contact Support at https://www.npmjs.com/support for more info.
npm warn deprecated lodash.get@4.4.2: This package is deprecated. Use the optional chaining (?.) operator instead.
npm warn deprecated @xmldom/xmldom@0.7.13: this version is no longer supported, please update to at least 0.8.*

added 458 packages in 26s

60 packages are looking for funding
  run `npm fund` for details
synamen@synamen:~/Documents/WorkSpace2/ReactNative Projects/TodoApp$ eas build:configure
(node:28883) [DEP0040] DeprecationWarning: The `punycode` module is deprecated. Please use a userland alternative instead.
(Use `node --trace-deprecation ...` to show where the warning was created)
EAS project not configured.
âœ” Would you like to automatically create an EAS project for @balavignarajan/TodoApp? â€¦ yes
âœ” Created @balavignarajan/TodoApp on EAS
âœ” Linked local project to EAS project 67fa711c-ae0d-4985-a955-78c4e66250d4
ğŸ’¡ The following process will configure your iOS and/or Android project to be compatible with EAS Build. These changes only apply to your local project files and you can safely revert them at any time.

âœ” Which platforms would you like to configure for EAS Build? â€º All

âœ” Generated eas.json. Learn more

ğŸ‰ Your project is ready to build.

- Run eas build when you are ready to create your first build.
- Once the build is completed, run eas submit to upload the app to app stores.
- Learn more about other capabilities of EAS Build
synamen@synamen:~/Documents/WorkSpace2/ReactNative Projects/TodoApp$ eas build:configure
(node:29183) [DEP0040] DeprecationWarning: The `punycode` module is deprecated. Please use a userland alternative instead.
(Use `node --trace-deprecation ...` to show where the warning was created)
ğŸ’¡ The following process will configure your iOS and/or Android project to be compatible with EAS Build. These changes only apply to your local project files and you can safely revert them at any time.

âœ” Which platforms would you like to configure for EAS Build? â€º All

ğŸ‰ Your project is ready to build.

- Run eas build when you are ready to create your first build.
- Once the build is completed, run eas submit to upload the app to app stores.
- Learn more about other capabilities of EAS Build
synamen@synamen:~/Documents/WorkSpace2/ReactNative Projects/TodoApp$ eas build -p android --profile preview
(node:29327) [DEP0040] DeprecationWarning: The `punycode` module is deprecated. Please use a userland alternative instead.
(Use `node --trace-deprecation ...` to show where the warning was created)
Resolved "preview" environment for the build. Learn more
No environment variables with visibility "Plain text" and "Sensitive" found for the "preview" environment on EAS.

ğŸ“  Android application id Learn more
âœ” What would you like your Android application id to be? â€¦ com.balavignarajan.TodoApp
No remote versions are configured for this project, versionCode will be initialized based on the value from the local project.
âœ” Initialized versionCode with 1.
âœ” Using remote Android credentials (Expo server)
âœ” Generate a new Android Keystore? â€¦ yes
âœ” Created keystore

Compressing project files and uploading to EAS Build. Learn more
âœ” Uploaded to EAS 1s
âŒ›ï¸ Computing the project fingerprint is taking longer than expected...
â© To skip this step, set the environment variable: EAS_SKIP_AUTO_FINGERPRINT=1
âœ” Computed project fingerprint

See logs: https://expo.dev/accounts/balavignarajan/projects/TodoApp/builds/03026d39-c29c-4732-bd95-a5a12ea5243a

Waiting for build to complete. You can press Ctrl+C to exit.
âœ” Build finished

  â–„â–„â–„â–„â–„â–„â–„â–„â–„â–„â–„â–„â–„â–„â–„â–„â–„â–„â–„â–„â–„â–„â–„â–„â–„â–„â–„â–„â–„â–„â–„â–„â–„â–„â–„â–„â–„â–„â–„
  â–ˆ â–„â–„â–„â–„â–„ â–ˆâ–€ â–ˆâ–€â–€â–„â–„â–€â–ˆâ–€â–€â–„â–ˆ  â–ˆâ–ˆâ–€â–€â–€ â–ˆ â–„â–„â–„â–„â–„ â–ˆ
  â–ˆ â–ˆ   â–ˆ â–ˆâ–€ â–„ â–ˆâ–€â–„ â–„â–€ â–ˆâ–€â–„â–€ â–€â–€ â–„â–ˆâ–ˆ â–ˆ   â–ˆ â–ˆ
  â–ˆ â–ˆâ–„â–„â–„â–ˆ â–ˆâ–€â–ˆ â–ˆâ–„â–ˆ â–€â–„â–€â–ˆâ–„â–€â–ˆâ–€â–„â–„ â–€â–€â–„â–ˆ â–ˆâ–„â–„â–„â–ˆ â–ˆ
  â–ˆâ–„â–„â–„â–„â–„â–„â–„â–ˆâ–„â–ˆâ–„â–ˆ â–ˆ â–ˆâ–„â–ˆ â–€â–„â–€ â–€ â–ˆâ–„â–ˆ â–ˆâ–„â–„â–„â–„â–„â–„â–„â–ˆ
  â–ˆâ–„â–„  â–„â–ˆâ–„â–„  â–„â–ˆâ–„ â–ˆâ–„â–€â–„â–€â–€â–„â–€â–„â–€â–ˆâ–„â–„â–„ â–„â–ˆ â–ˆ â–€ â–ˆâ–ˆ
  â–ˆ  â–€â–„â–€ â–„â–ˆâ–ˆâ–€â–€ â–„â–ˆ   â–ˆâ–€â–ˆâ–ˆ â–„â–ˆâ–„â–ˆâ–€ â–„â–€â–„â–„â–ˆ â–„â–€â–„â–ˆ
  â–ˆâ–„â–„â–ˆâ–€â–„â–ˆâ–„â–„â–€â–€â–„â–„ â–„â–„â–ˆâ–ˆâ–„â–„â–€â–„â–ˆâ–„â–€â–ˆâ–„ â–„â–€â–„â–„â–€â–„â–„ â–€â–„â–ˆ
  â–ˆ  â–ˆâ–„ â–„â–„â–„â–ˆâ–„ â–ˆâ–€â–ˆâ–€â–„â–ˆâ–„â–„â–€ â–€ â–€â–€â–„â–ˆ â–€â–€â–„  â–€â–„â–„ â–ˆ
  â–ˆâ–€â–„â–ˆâ–€â–„â–€â–„â–„â–ˆ â–ˆâ–€â–„â–„â–€â–„â–„ â–„ â–ˆ â–„â–€â–„â–„â–„â–ˆâ–€â–„â–„â–ˆâ–„â–„ â–€â–„â–ˆ
  â–ˆâ–ˆâ–„â–ˆ â–ˆâ–„â–„â–ˆâ–ˆâ–€â–„â–€â–€â–ˆ â–„â–„â–ˆâ–„â–€â–„ â–€â–ˆâ–ˆâ–ˆâ–€ â–„ â–ˆâ–€â–„â–ˆâ–„â–„ â–ˆ
  â–ˆ â–€  â–ˆâ–ˆâ–„â–ˆâ–„â–€â–€â–€â–€â–„â–„â–„â–„  â–€ â–€ â–€â–„ â–„â–„â–€ â–„ â–„â–„â–„ â–„â–ˆ
  â–ˆâ–ˆâ–„ â–ˆâ–„â–ˆâ–„â–ˆ â–€â–€â–ˆâ–„â–ˆâ–€â–„ â–ˆâ–ˆâ–ˆâ–€ â–ˆâ–€ â–„â–ˆâ–„â–ˆ   â–ˆâ–ˆâ–ˆâ–„ â–ˆ
  â–ˆâ–€ â–„ â–€â–ˆâ–„â–„â–€â–„ â–€â–€â–„â–€â–„â–„â–„â–€â–€â–€â–€  â–„â–„â–„â–„â–€â–„â–„â–€â–„â–€  â–„â–ˆ
  â–ˆ â–ˆâ–„â–„â–€â–€â–„â–ˆ â–ˆ â–€ â–ˆâ–€ â–€â–„â–„â–ˆâ–€ â–ˆâ–€â–ˆâ–ˆâ–€â–„ â–„â–ˆâ–€â–ˆâ–„â–ˆâ–„ â–ˆ
  â–ˆâ–„â–ˆâ–ˆâ–„â–„â–ˆâ–„â–„ â–ˆâ–€â–€â–€â–„â–€â–„â–„â–„â–„ â–€â–ˆâ–ˆ â–„ â–„â–€ â–„â–„â–„ â–€â–„â–ˆâ–ˆâ–ˆ
  â–ˆ â–„â–„â–„â–„â–„ â–ˆâ–„ â–ˆâ–ˆâ–ˆâ–„â–ˆ  â–„ â–ˆâ–„â–€ â–€ â–„â–„â–€ â–ˆâ–„â–ˆ â–„â–ˆ  â–ˆ
  â–ˆ â–ˆ   â–ˆ â–ˆ â–„â–„â–€â–€â–„â–„â–ˆâ–ˆ â–„ â–€â–€â–„â–€â–ˆ â–ˆâ–„   â–„ â–„ â–„â–„â–ˆ
  â–ˆ â–ˆâ–„â–„â–„â–ˆ â–ˆ â–ˆâ–ˆâ–ˆâ–€â–ˆ â–„â–„â–ˆâ–„â–ˆ â–€â–ˆâ–ˆ â–„ â–„â–€ â–€â–„â–€â–€â–„â–„ â–ˆ
  â–ˆâ–„â–„â–„â–„â–„â–„â–„â–ˆâ–„â–„â–ˆâ–ˆâ–„â–„â–„â–„â–ˆâ–„â–ˆâ–ˆâ–„â–ˆâ–„â–ˆâ–ˆâ–„â–„â–ˆâ–ˆâ–ˆâ–„â–„â–„â–„â–„â–„â–„â–ˆ


ğŸ¤– Open this link on your Android devices (or scan the QR code) to install the app:
https://expo.dev/accounts/balavignarajan/projects/TodoApp/builds/03026d39-c29c-4732-bd95-a5a12ea5243a